Z_c = U_с/(\sqrt{3}*I^(3)_кз_max)

***

